#-----------------------------------------------------------
# Vivado v2019.2 (64-bit)
# SW Build 2708876 on Wed Nov  6 21:40:23 MST 2019
# IP Build 2700528 on Thu Nov  7 00:09:20 MST 2019
# Start of session at: Tue Nov 12 15:09:13 2024
# Process ID: 14684
# Current directory: D:/HuaweiMoveData/Users/kiwi/Desktop/SA_lenet_mul/project_1
# Command line: vivado.exe -gui_launcher_event rodinguilauncherevent3128 D:\HuaweiMoveData\Users\kiwi\Desktop\SA_lenet_mul\project_1\project_1.xpr
# Log file: D:/HuaweiMoveData/Users/kiwi/Desktop/SA_lenet_mul/project_1/vivado.log
# Journal file: D:/HuaweiMoveData/Users/kiwi/Desktop/SA_lenet_mul/project_1\vivado.jou
#-----------------------------------------------------------
start_gui
open_project D:/HuaweiMoveData/Users/kiwi/Desktop/SA_lenet_mul/project_1/project_1.xpr
update_compile_order -fileset sources_1
export_ip_user_files -of_objects  [get_files D:/HuaweiMoveData/Users/kiwi/Desktop/SA_lenet_mul/project_1/project_1.srcs/sources_1/ip/vio_0/vio_0.xci] -no_script -reset -force -quiet
remove_files  -fileset vio_0 D:/HuaweiMoveData/Users/kiwi/Desktop/SA_lenet_mul/project_1/project_1.srcs/sources_1/ip/vio_0/vio_0.xci
export_ip_user_files -of_objects  [get_files D:/HuaweiMoveData/Users/kiwi/Desktop/SA_lenet_mul/src/RAM_WEIGHT.v] -no_script -reset -force -quiet
remove_files  D:/HuaweiMoveData/Users/kiwi/Desktop/SA_lenet_mul/src/RAM_WEIGHT.v
set_property -dict [list CONFIG.Write_Depth_A {384}] [get_ips data_rom0]
set_property -dict [list CONFIG.Write_Depth_A {384}] [get_ips data_rom1]
set_property -dict [list CONFIG.Write_Depth_A {384}] [get_ips data_rom2]
set_property -dict [list CONFIG.Write_Depth_A {384}] [get_ips data_rom3]
set_property -dict [list CONFIG.Write_Depth_A {384}] [get_ips data_rom4]
set_property -dict [list CONFIG.Write_Depth_A {384}] [get_ips data_rom5]
set_property -dict [list CONFIG.Write_Depth_A {384}] [get_ips data_rom6]
set_property -dict [list CONFIG.Write_Depth_A {384}] [get_ips data_rom7]
set_property -dict [list CONFIG.Write_Depth_A {384}] [get_ips data_rom8]
set_property -dict [list CONFIG.Write_Depth_A {384}] [get_ips data_rom9]
set_property -dict [list CONFIG.Write_Depth_A {384}] [get_ips data_rom10]
set_property -dict [list CONFIG.Write_Depth_A {384}] [get_ips data_rom11]
set_property -dict [list CONFIG.Write_Depth_A {384}] [get_ips data_rom12]
set_property -dict [list CONFIG.Write_Depth_A {384}] [get_ips data_rom13]
set_property -dict [list CONFIG.Write_Depth_A {384}] [get_ips data_rom14]
set_property -dict [list CONFIG.Write_Depth_A {384}] [get_ips data_rom15]
set_property -dict [list CONFIG.Write_Depth_A {384}] [get_ips data_rom16]
set_property -dict [list CONFIG.Write_Depth_A {384}] [get_ips data_rom17]
set_property -dict [list CONFIG.Write_Depth_A {384}] [get_ips data_rom18]
set_property -dict [list CONFIG.Write_Depth_A {384}] [get_ips data_rom19]
set_property -dict [list CONFIG.Write_Depth_A {384}] [get_ips data_rom20]
set_property -dict [list CONFIG.Write_Depth_A {384}] [get_ips data_rom22]
set_property -dict [list CONFIG.Write_Depth_A {384}] [get_ips data_rom21]
set_property -dict [list CONFIG.Write_Depth_A {384}] [get_ips data_rom23]
set_property -dict [list CONFIG.Write_Depth_A {384}] [get_ips data_rom24]
set_property -dict [list CONFIG.Write_Depth_A {384}] [get_ips data_rom25]
set_property -dict [list CONFIG.Write_Depth_A {384}] [get_ips data_rom26]
set_property -dict [list CONFIG.Write_Depth_A {384}] [get_ips data_rom27]
set_property -dict [list CONFIG.Write_Depth_A {384}] [get_ips data_rom28]
set_property -dict [list CONFIG.Write_Depth_A {384}] [get_ips data_rom29]
set_property -dict [list CONFIG.Write_Depth_A {384}] [get_ips data_rom30]
set_property -dict [list CONFIG.Write_Depth_A {384}] [get_ips data_rom31]
set_property -dict [list CONFIG.Coe_File {../../../../../coe/mul_data_row0.coe}] [get_ips data_rom0]
set_property -dict [list CONFIG.Coe_File {../../../../../coe/mul_data_row1.coe}] [get_ips data_rom1]
set_property -dict [list CONFIG.Coe_File {../../../../../coe/mul_data_row2.coe}] [get_ips data_rom2]
set_property -dict [list CONFIG.Coe_File {../../../../../coe/mul_data_row3.coe}] [get_ips data_rom3]
set_property -dict [list CONFIG.Coe_File {../../../../../coe/mul_data_row4.coe}] [get_ips data_rom4]
set_property -dict [list CONFIG.Coe_File {../../../../../coe/mul_data_row5.coe}] [get_ips data_rom5]
set_property -dict [list CONFIG.Coe_File {../../../../../coe/mul_data_row6.coe}] [get_ips data_rom6]
set_property -dict [list CONFIG.Coe_File {../../../../../coe/mul_data_row7.coe}] [get_ips data_rom7]
set_property -dict [list CONFIG.Coe_File {../../../../../coe/mul_data_row8.coe}] [get_ips data_rom8]
set_property -dict [list CONFIG.Coe_File {../../../../../coe/mul_data_row9.coe}] [get_ips data_rom9]
set_property -dict [list CONFIG.Coe_File {../../../../../coe/mul_data_row10.coe}] [get_ips data_rom10]
set_property -dict [list CONFIG.Coe_File {../../../../../coe/mul_data_row11.coe}] [get_ips data_rom11]
set_property -dict [list CONFIG.Coe_File {../../../../../coe/mul_data_row12.coe}] [get_ips data_rom12]
set_property -dict [list CONFIG.Coe_File {../../../../../coe/mul_data_row13.coe}] [get_ips data_rom13]
set_property -dict [list CONFIG.Coe_File {../../../../../coe/mul_data_row14.coe}] [get_ips data_rom14]
set_property -dict [list CONFIG.Coe_File {../../../../../coe/mul_data_row15.coe}] [get_ips data_rom15]
set_property -dict [list CONFIG.Coe_File {../../../../../coe/mul_data_row16.coe}] [get_ips data_rom16]
set_property -dict [list CONFIG.Coe_File {../../../../../coe/mul_data_row17.coe}] [get_ips data_rom17]
set_property -dict [list CONFIG.Coe_File {../../../../../coe/mul_data_row18.coe}] [get_ips data_rom18]
set_property -dict [list CONFIG.Coe_File {../../../../../coe/mul_data_row19.coe}] [get_ips data_rom19]
set_property -dict [list CONFIG.Coe_File {../../../../../coe/mul_data_row20.coe}] [get_ips data_rom20]
set_property -dict [list CONFIG.Coe_File {../../../../../coe/mul_data_row21.coe}] [get_ips data_rom21]
set_property -dict [list CONFIG.Coe_File {../../../../../coe/mul_data_row22.coe}] [get_ips data_rom22]
set_property -dict [list CONFIG.Coe_File {../../../../../coe/mul_data_row23.coe}] [get_ips data_rom23]
set_property -dict [list CONFIG.Coe_File {../../../../../coe/mul_data_row24.coe}] [get_ips data_rom24]
set_property -dict [list CONFIG.Coe_File {../../../../../coe/mul_data_row25.coe}] [get_ips data_rom25]
set_property -dict [list CONFIG.Coe_File {../../../../../coe/mul_data_row26.coe}] [get_ips data_rom26]
set_property -dict [list CONFIG.Coe_File {../../../../../coe/mul_data_row28.coe}] [get_ips data_rom28]
set_property -dict [list CONFIG.Coe_File {../../../../../coe/mul_data_row29.coe}] [get_ips data_rom29]
set_property -dict [list CONFIG.Coe_File {../../../../../coe/mul_data_row30.coe}] [get_ips data_rom30]
set_property -dict [list CONFIG.Coe_File {../../../../../coe/mul_data_row31.coe}] [get_ips data_rom31]
generate_target all [get_files  D:/HuaweiMoveData/Users/kiwi/Desktop/SA_lenet_mul/project_1/project_1.srcs/sources_1/ip/data_rom17_1/data_rom17.xci]
generate_target all [get_files  D:/HuaweiMoveData/Users/kiwi/Desktop/SA_lenet_mul/project_1/project_1.srcs/sources_1/ip/data_rom18_1/data_rom18.xci]
generate_target all [get_files  D:/HuaweiMoveData/Users/kiwi/Desktop/SA_lenet_mul/project_1/project_1.srcs/sources_1/ip/data_rom16_1/data_rom16.xci]
generate_target all [get_files  D:/HuaweiMoveData/Users/kiwi/Desktop/SA_lenet_mul/project_1/project_1.srcs/sources_1/ip/data_rom15_1/data_rom15.xci]
generate_target all [get_files  D:/HuaweiMoveData/Users/kiwi/Desktop/SA_lenet_mul/project_1/project_1.srcs/sources_1/ip/data_rom0_1/data_rom0.xci]
generate_target all [get_files  D:/HuaweiMoveData/Users/kiwi/Desktop/SA_lenet_mul/project_1/project_1.srcs/sources_1/ip/data_rom6_1/data_rom6.xci]
generate_target all [get_files  D:/HuaweiMoveData/Users/kiwi/Desktop/SA_lenet_mul/project_1/project_1.srcs/sources_1/ip/data_rom3_1/data_rom3.xci]
generate_target all [get_files  D:/HuaweiMoveData/Users/kiwi/Desktop/SA_lenet_mul/project_1/project_1.srcs/sources_1/ip/data_rom9_1/data_rom9.xci]
generate_target all [get_files  D:/HuaweiMoveData/Users/kiwi/Desktop/SA_lenet_mul/project_1/project_1.srcs/sources_1/ip/data_rom5_1/data_rom5.xci]
generate_target all [get_files  D:/HuaweiMoveData/Users/kiwi/Desktop/SA_lenet_mul/project_1/project_1.srcs/sources_1/ip/data_rom8_1/data_rom8.xci]
generate_target all [get_files  D:/HuaweiMoveData/Users/kiwi/Desktop/SA_lenet_mul/project_1/project_1.srcs/sources_1/ip/data_rom10_1/data_rom10.xci]
generate_target all [get_files  D:/HuaweiMoveData/Users/kiwi/Desktop/SA_lenet_mul/project_1/project_1.srcs/sources_1/ip/data_rom11_1/data_rom11.xci]
generate_target all [get_files  D:/HuaweiMoveData/Users/kiwi/Desktop/SA_lenet_mul/project_1/project_1.srcs/sources_1/ip/data_rom13_1/data_rom13.xci]
generate_target all [get_files  D:/HuaweiMoveData/Users/kiwi/Desktop/SA_lenet_mul/project_1/project_1.srcs/sources_1/ip/data_rom4_1/data_rom4.xci]
generate_target all [get_files  D:/HuaweiMoveData/Users/kiwi/Desktop/SA_lenet_mul/project_1/project_1.srcs/sources_1/ip/data_rom2_1/data_rom2.xci]
generate_target all [get_files  D:/HuaweiMoveData/Users/kiwi/Desktop/SA_lenet_mul/project_1/project_1.srcs/sources_1/ip/data_rom14_1/data_rom14.xci]
generate_target all [get_files  D:/HuaweiMoveData/Users/kiwi/Desktop/SA_lenet_mul/project_1/project_1.srcs/sources_1/ip/data_rom1_1/data_rom1.xci]
generate_target all [get_files  D:/HuaweiMoveData/Users/kiwi/Desktop/SA_lenet_mul/project_1/project_1.srcs/sources_1/ip/data_rom7_1/data_rom7.xci]
generate_target all [get_files  D:/HuaweiMoveData/Users/kiwi/Desktop/SA_lenet_mul/project_1/project_1.srcs/sources_1/ip/data_rom12_1/data_rom12.xci]
generate_target all [get_files  D:/HuaweiMoveData/Users/kiwi/Desktop/SA_lenet_mul/project_1/project_1.srcs/sources_1/ip/data_rom28_1/data_rom28.xci]
generate_target all [get_files  D:/HuaweiMoveData/Users/kiwi/Desktop/SA_lenet_mul/project_1/project_1.srcs/sources_1/ip/data_rom22_1/data_rom22.xci]
generate_target all [get_files  D:/HuaweiMoveData/Users/kiwi/Desktop/SA_lenet_mul/project_1/project_1.srcs/sources_1/ip/data_rom24_1/data_rom24.xci]
generate_target all [get_files  D:/HuaweiMoveData/Users/kiwi/Desktop/SA_lenet_mul/project_1/project_1.srcs/sources_1/ip/data_rom26_1/data_rom26.xci]
generate_target all [get_files  D:/HuaweiMoveData/Users/kiwi/Desktop/SA_lenet_mul/project_1/project_1.srcs/sources_1/ip/data_rom30_1/data_rom30.xci]
generate_target all [get_files  D:/HuaweiMoveData/Users/kiwi/Desktop/SA_lenet_mul/project_1/project_1.srcs/sources_1/ip/data_rom19_1/data_rom19.xci]
generate_target all [get_files  D:/HuaweiMoveData/Users/kiwi/Desktop/SA_lenet_mul/project_1/project_1.srcs/sources_1/ip/data_rom23_1/data_rom23.xci]
generate_target all [get_files  D:/HuaweiMoveData/Users/kiwi/Desktop/SA_lenet_mul/project_1/project_1.srcs/sources_1/ip/data_rom29_1/data_rom29.xci]
generate_target all [get_files  D:/HuaweiMoveData/Users/kiwi/Desktop/SA_lenet_mul/project_1/project_1.srcs/sources_1/ip/data_rom31_1/data_rom31.xci]
generate_target all [get_files  D:/HuaweiMoveData/Users/kiwi/Desktop/SA_lenet_mul/project_1/project_1.srcs/sources_1/ip/data_rom21_1/data_rom21.xci]
generate_target all [get_files  D:/HuaweiMoveData/Users/kiwi/Desktop/SA_lenet_mul/project_1/project_1.srcs/sources_1/ip/data_rom25_1/data_rom25.xci]
generate_target all [get_files  D:/HuaweiMoveData/Users/kiwi/Desktop/SA_lenet_mul/project_1/project_1.srcs/sources_1/ip/data_rom20_1/data_rom20.xci]
generate_target all [get_files  D:/HuaweiMoveData/Users/kiwi/Desktop/SA_lenet_mul/project_1/project_1.srcs/sources_1/ip/data_rom27_1/data_rom27.xci]
export_ip_user_files -of_objects [get_files D:/HuaweiMoveData/Users/kiwi/Desktop/SA_lenet_mul/project_1/project_1.srcs/sources_1/ip/data_rom0_1/data_rom0.xci] -no_script -sync -force -quiet
export_ip_user_files -of_objects [get_files D:/HuaweiMoveData/Users/kiwi/Desktop/SA_lenet_mul/project_1/project_1.srcs/sources_1/ip/data_rom1_1/data_rom1.xci] -no_script -sync -force -quiet
export_ip_user_files -of_objects [get_files D:/HuaweiMoveData/Users/kiwi/Desktop/SA_lenet_mul/project_1/project_1.srcs/sources_1/ip/data_rom2_1/data_rom2.xci] -no_script -sync -force -quiet
export_ip_user_files -of_objects [get_files D:/HuaweiMoveData/Users/kiwi/Desktop/SA_lenet_mul/project_1/project_1.srcs/sources_1/ip/data_rom3_1/data_rom3.xci] -no_script -sync -force -quiet
export_ip_user_files -of_objects [get_files D:/HuaweiMoveData/Users/kiwi/Desktop/SA_lenet_mul/project_1/project_1.srcs/sources_1/ip/data_rom4_1/data_rom4.xci] -no_script -sync -force -quiet
export_ip_user_files -of_objects [get_files D:/HuaweiMoveData/Users/kiwi/Desktop/SA_lenet_mul/project_1/project_1.srcs/sources_1/ip/data_rom5_1/data_rom5.xci] -no_script -sync -force -quiet
export_ip_user_files -of_objects [get_files D:/HuaweiMoveData/Users/kiwi/Desktop/SA_lenet_mul/project_1/project_1.srcs/sources_1/ip/data_rom6_1/data_rom6.xci] -no_script -sync -force -quiet
export_ip_user_files -of_objects [get_files D:/HuaweiMoveData/Users/kiwi/Desktop/SA_lenet_mul/project_1/project_1.srcs/sources_1/ip/data_rom7_1/data_rom7.xci] -no_script -sync -force -quiet
export_ip_user_files -of_objects [get_files D:/HuaweiMoveData/Users/kiwi/Desktop/SA_lenet_mul/project_1/project_1.srcs/sources_1/ip/data_rom8_1/data_rom8.xci] -no_script -sync -force -quiet
export_ip_user_files -of_objects [get_files D:/HuaweiMoveData/Users/kiwi/Desktop/SA_lenet_mul/project_1/project_1.srcs/sources_1/ip/data_rom9_1/data_rom9.xci] -no_script -sync -force -quiet
export_ip_user_files -of_objects [get_files D:/HuaweiMoveData/Users/kiwi/Desktop/SA_lenet_mul/project_1/project_1.srcs/sources_1/ip/data_rom10_1/data_rom10.xci] -no_script -sync -force -quiet
export_ip_user_files -of_objects [get_files D:/HuaweiMoveData/Users/kiwi/Desktop/SA_lenet_mul/project_1/project_1.srcs/sources_1/ip/data_rom11_1/data_rom11.xci] -no_script -sync -force -quiet
export_ip_user_files -of_objects [get_files D:/HuaweiMoveData/Users/kiwi/Desktop/SA_lenet_mul/project_1/project_1.srcs/sources_1/ip/data_rom12_1/data_rom12.xci] -no_script -sync -force -quiet
export_ip_user_files -of_objects [get_files D:/HuaweiMoveData/Users/kiwi/Desktop/SA_lenet_mul/project_1/project_1.srcs/sources_1/ip/data_rom13_1/data_rom13.xci] -no_script -sync -force -quiet
export_ip_user_files -of_objects [get_files D:/HuaweiMoveData/Users/kiwi/Desktop/SA_lenet_mul/project_1/project_1.srcs/sources_1/ip/data_rom14_1/data_rom14.xci] -no_script -sync -force -quiet
export_ip_user_files -of_objects [get_files D:/HuaweiMoveData/Users/kiwi/Desktop/SA_lenet_mul/project_1/project_1.srcs/sources_1/ip/data_rom15_1/data_rom15.xci] -no_script -sync -force -quiet
export_ip_user_files -of_objects [get_files D:/HuaweiMoveData/Users/kiwi/Desktop/SA_lenet_mul/project_1/project_1.srcs/sources_1/ip/data_rom16_1/data_rom16.xci] -no_script -sync -force -quiet
export_ip_user_files -of_objects [get_files D:/HuaweiMoveData/Users/kiwi/Desktop/SA_lenet_mul/project_1/project_1.srcs/sources_1/ip/data_rom17_1/data_rom17.xci] -no_script -sync -force -quiet
export_ip_user_files -of_objects [get_files D:/HuaweiMoveData/Users/kiwi/Desktop/SA_lenet_mul/project_1/project_1.srcs/sources_1/ip/data_rom18_1/data_rom18.xci] -no_script -sync -force -quiet
export_ip_user_files -of_objects [get_files D:/HuaweiMoveData/Users/kiwi/Desktop/SA_lenet_mul/project_1/project_1.srcs/sources_1/ip/data_rom19_1/data_rom19.xci] -no_script -sync -force -quiet
export_ip_user_files -of_objects [get_files D:/HuaweiMoveData/Users/kiwi/Desktop/SA_lenet_mul/project_1/project_1.srcs/sources_1/ip/data_rom20_1/data_rom20.xci] -no_script -sync -force -quiet
export_ip_user_files -of_objects [get_files D:/HuaweiMoveData/Users/kiwi/Desktop/SA_lenet_mul/project_1/project_1.srcs/sources_1/ip/data_rom21_1/data_rom21.xci] -no_script -sync -force -quiet
export_ip_user_files -of_objects [get_files D:/HuaweiMoveData/Users/kiwi/Desktop/SA_lenet_mul/project_1/project_1.srcs/sources_1/ip/data_rom22_1/data_rom22.xci] -no_script -sync -force -quiet
export_ip_user_files -of_objects [get_files D:/HuaweiMoveData/Users/kiwi/Desktop/SA_lenet_mul/project_1/project_1.srcs/sources_1/ip/data_rom23_1/data_rom23.xci] -no_script -sync -force -quiet
export_ip_user_files -of_objects [get_files D:/HuaweiMoveData/Users/kiwi/Desktop/SA_lenet_mul/project_1/project_1.srcs/sources_1/ip/data_rom24_1/data_rom24.xci] -no_script -sync -force -quiet
export_ip_user_files -of_objects [get_files D:/HuaweiMoveData/Users/kiwi/Desktop/SA_lenet_mul/project_1/project_1.srcs/sources_1/ip/data_rom25_1/data_rom25.xci] -no_script -sync -force -quiet
export_ip_user_files -of_objects [get_files D:/HuaweiMoveData/Users/kiwi/Desktop/SA_lenet_mul/project_1/project_1.srcs/sources_1/ip/data_rom26_1/data_rom26.xci] -no_script -sync -force -quiet
export_ip_user_files -of_objects [get_files D:/HuaweiMoveData/Users/kiwi/Desktop/SA_lenet_mul/project_1/project_1.srcs/sources_1/ip/data_rom27_1/data_rom27.xci] -no_script -sync -force -quiet
export_ip_user_files -of_objects [get_files D:/HuaweiMoveData/Users/kiwi/Desktop/SA_lenet_mul/project_1/project_1.srcs/sources_1/ip/data_rom28_1/data_rom28.xci] -no_script -sync -force -quiet
export_ip_user_files -of_objects [get_files D:/HuaweiMoveData/Users/kiwi/Desktop/SA_lenet_mul/project_1/project_1.srcs/sources_1/ip/data_rom29_1/data_rom29.xci] -no_script -sync -force -quiet
export_ip_user_files -of_objects [get_files D:/HuaweiMoveData/Users/kiwi/Desktop/SA_lenet_mul/project_1/project_1.srcs/sources_1/ip/data_rom30_1/data_rom30.xci] -no_script -sync -force -quiet
export_ip_user_files -of_objects [get_files D:/HuaweiMoveData/Users/kiwi/Desktop/SA_lenet_mul/project_1/project_1.srcs/sources_1/ip/data_rom31_1/data_rom31.xci] -no_script -sync -force -quiet
reset_run data_rom0_synth_1
reset_run data_rom1_synth_1
reset_run data_rom2_synth_1
reset_run data_rom3_synth_1
reset_run data_rom4_synth_1
reset_run data_rom5_synth_1
reset_run data_rom6_synth_1
reset_run data_rom7_synth_1
reset_run data_rom8_synth_1
reset_run data_rom9_synth_1
reset_run data_rom10_synth_1
reset_run data_rom11_synth_1
reset_run data_rom12_synth_1
reset_run data_rom13_synth_1
reset_run data_rom14_synth_1
reset_run data_rom15_synth_1
reset_run data_rom16_synth_1
reset_run data_rom17_synth_1
reset_run data_rom18_synth_1
reset_run data_rom19_synth_1
reset_run data_rom20_synth_1
reset_run data_rom21_synth_1
reset_run data_rom22_synth_1
reset_run data_rom23_synth_1
reset_run data_rom24_synth_1
reset_run data_rom25_synth_1
reset_run data_rom26_synth_1
reset_run data_rom27_synth_1
reset_run data_rom28_synth_1
reset_run data_rom29_synth_1
reset_run data_rom30_synth_1
reset_run data_rom31_synth_1
launch_runs -jobs 8 {data_rom0_synth_1 data_rom1_synth_1 data_rom2_synth_1 data_rom3_synth_1 data_rom4_synth_1 data_rom5_synth_1 data_rom6_synth_1 data_rom7_synth_1 data_rom8_synth_1 data_rom9_synth_1 data_rom10_synth_1 data_rom11_synth_1 data_rom12_synth_1 data_rom13_synth_1 data_rom14_synth_1 data_rom15_synth_1 data_rom16_synth_1 data_rom17_synth_1 data_rom18_synth_1 data_rom19_synth_1 data_rom20_synth_1 data_rom21_synth_1 data_rom22_synth_1 data_rom23_synth_1 data_rom24_synth_1 data_rom25_synth_1 data_rom26_synth_1 data_rom27_synth_1 data_rom28_synth_1 data_rom29_synth_1 data_rom30_synth_1 data_rom31_synth_1}
export_simulation -of_objects [get_files D:/HuaweiMoveData/Users/kiwi/Desktop/SA_lenet_mul/project_1/project_1.srcs/sources_1/ip/data_rom0_1/data_rom0.xci] -directory D:/HuaweiMoveData/Users/kiwi/Desktop/SA_lenet_mul/project_1/project_1.ip_user_files/sim_scripts -ip_user_files_dir D:/HuaweiMoveData/Users/kiwi/Desktop/SA_lenet_mul/project_1/project_1.ip_user_files -ipstatic_source_dir D:/HuaweiMoveData/Users/kiwi/Desktop/SA_lenet_mul/project_1/project_1.ip_user_files/ipstatic -lib_map_path [list {modelsim=D:/HuaweiMoveData/Users/kiwi/Desktop/SA_lenet_mul/project_1/project_1.cache/compile_simlib/modelsim} {questa=D:/HuaweiMoveData/Users/kiwi/Desktop/SA_lenet_mul/project_1/project_1.cache/compile_simlib/questa} {riviera=D:/HuaweiMoveData/Users/kiwi/Desktop/SA_lenet_mul/project_1/project_1.cache/compile_simlib/riviera} {activehdl=D:/HuaweiMoveData/Users/kiwi/Desktop/SA_lenet_mul/project_1/project_1.cache/compile_simlib/activehdl}] -use_ip_compiled_libs -force -quiet
export_simulation -of_objects [get_files D:/HuaweiMoveData/Users/kiwi/Desktop/SA_lenet_mul/project_1/project_1.srcs/sources_1/ip/data_rom1_1/data_rom1.xci] -directory D:/HuaweiMoveData/Users/kiwi/Desktop/SA_lenet_mul/project_1/project_1.ip_user_files/sim_scripts -ip_user_files_dir D:/HuaweiMoveData/Users/kiwi/Desktop/SA_lenet_mul/project_1/project_1.ip_user_files -ipstatic_source_dir D:/HuaweiMoveData/Users/kiwi/Desktop/SA_lenet_mul/project_1/project_1.ip_user_files/ipstatic -lib_map_path [list {modelsim=D:/HuaweiMoveData/Users/kiwi/Desktop/SA_lenet_mul/project_1/project_1.cache/compile_simlib/modelsim} {questa=D:/HuaweiMoveData/Users/kiwi/Desktop/SA_lenet_mul/project_1/project_1.cache/compile_simlib/questa} {riviera=D:/HuaweiMoveData/Users/kiwi/Desktop/SA_lenet_mul/project_1/project_1.cache/compile_simlib/riviera} {activehdl=D:/HuaweiMoveData/Users/kiwi/Desktop/SA_lenet_mul/project_1/project_1.cache/compile_simlib/activehdl}] -use_ip_compiled_libs -force -quiet
export_simulation -of_objects [get_files D:/HuaweiMoveData/Users/kiwi/Desktop/SA_lenet_mul/project_1/project_1.srcs/sources_1/ip/data_rom2_1/data_rom2.xci] -directory D:/HuaweiMoveData/Users/kiwi/Desktop/SA_lenet_mul/project_1/project_1.ip_user_files/sim_scripts -ip_user_files_dir D:/HuaweiMoveData/Users/kiwi/Desktop/SA_lenet_mul/project_1/project_1.ip_user_files -ipstatic_source_dir D:/HuaweiMoveData/Users/kiwi/Desktop/SA_lenet_mul/project_1/project_1.ip_user_files/ipstatic -lib_map_path [list {modelsim=D:/HuaweiMoveData/Users/kiwi/Desktop/SA_lenet_mul/project_1/project_1.cache/compile_simlib/modelsim} {questa=D:/HuaweiMoveData/Users/kiwi/Desktop/SA_lenet_mul/project_1/project_1.cache/compile_simlib/questa} {riviera=D:/HuaweiMoveData/Users/kiwi/Desktop/SA_lenet_mul/project_1/project_1.cache/compile_simlib/riviera} {activehdl=D:/HuaweiMoveData/Users/kiwi/Desktop/SA_lenet_mul/project_1/project_1.cache/compile_simlib/activehdl}] -use_ip_compiled_libs -force -quiet
export_simulation -of_objects [get_files D:/HuaweiMoveData/Users/kiwi/Desktop/SA_lenet_mul/project_1/project_1.srcs/sources_1/ip/data_rom3_1/data_rom3.xci] -directory D:/HuaweiMoveData/Users/kiwi/Desktop/SA_lenet_mul/project_1/project_1.ip_user_files/sim_scripts -ip_user_files_dir D:/HuaweiMoveData/Users/kiwi/Desktop/SA_lenet_mul/project_1/project_1.ip_user_files -ipstatic_source_dir D:/HuaweiMoveData/Users/kiwi/Desktop/SA_lenet_mul/project_1/project_1.ip_user_files/ipstatic -lib_map_path [list {modelsim=D:/HuaweiMoveData/Users/kiwi/Desktop/SA_lenet_mul/project_1/project_1.cache/compile_simlib/modelsim} {questa=D:/HuaweiMoveData/Users/kiwi/Desktop/SA_lenet_mul/project_1/project_1.cache/compile_simlib/questa} {riviera=D:/HuaweiMoveData/Users/kiwi/Desktop/SA_lenet_mul/project_1/project_1.cache/compile_simlib/riviera} {activehdl=D:/HuaweiMoveData/Users/kiwi/Desktop/SA_lenet_mul/project_1/project_1.cache/compile_simlib/activehdl}] -use_ip_compiled_libs -force -quiet
export_simulation -of_objects [get_files D:/HuaweiMoveData/Users/kiwi/Desktop/SA_lenet_mul/project_1/project_1.srcs/sources_1/ip/data_rom4_1/data_rom4.xci] -directory D:/HuaweiMoveData/Users/kiwi/Desktop/SA_lenet_mul/project_1/project_1.ip_user_files/sim_scripts -ip_user_files_dir D:/HuaweiMoveData/Users/kiwi/Desktop/SA_lenet_mul/project_1/project_1.ip_user_files -ipstatic_source_dir D:/HuaweiMoveData/Users/kiwi/Desktop/SA_lenet_mul/project_1/project_1.ip_user_files/ipstatic -lib_map_path [list {modelsim=D:/HuaweiMoveData/Users/kiwi/Desktop/SA_lenet_mul/project_1/project_1.cache/compile_simlib/modelsim} {questa=D:/HuaweiMoveData/Users/kiwi/Desktop/SA_lenet_mul/project_1/project_1.cache/compile_simlib/questa} {riviera=D:/HuaweiMoveData/Users/kiwi/Desktop/SA_lenet_mul/project_1/project_1.cache/compile_simlib/riviera} {activehdl=D:/HuaweiMoveData/Users/kiwi/Desktop/SA_lenet_mul/project_1/project_1.cache/compile_simlib/activehdl}] -use_ip_compiled_libs -force -quiet
export_simulation -of_objects [get_files D:/HuaweiMoveData/Users/kiwi/Desktop/SA_lenet_mul/project_1/project_1.srcs/sources_1/ip/data_rom5_1/data_rom5.xci] -directory D:/HuaweiMoveData/Users/kiwi/Desktop/SA_lenet_mul/project_1/project_1.ip_user_files/sim_scripts -ip_user_files_dir D:/HuaweiMoveData/Users/kiwi/Desktop/SA_lenet_mul/project_1/project_1.ip_user_files -ipstatic_source_dir D:/HuaweiMoveData/Users/kiwi/Desktop/SA_lenet_mul/project_1/project_1.ip_user_files/ipstatic -lib_map_path [list {modelsim=D:/HuaweiMoveData/Users/kiwi/Desktop/SA_lenet_mul/project_1/project_1.cache/compile_simlib/modelsim} {questa=D:/HuaweiMoveData/Users/kiwi/Desktop/SA_lenet_mul/project_1/project_1.cache/compile_simlib/questa} {riviera=D:/HuaweiMoveData/Users/kiwi/Desktop/SA_lenet_mul/project_1/project_1.cache/compile_simlib/riviera} {activehdl=D:/HuaweiMoveData/Users/kiwi/Desktop/SA_lenet_mul/project_1/project_1.cache/compile_simlib/activehdl}] -use_ip_compiled_libs -force -quiet
export_simulation -of_objects [get_files D:/HuaweiMoveData/Users/kiwi/Desktop/SA_lenet_mul/project_1/project_1.srcs/sources_1/ip/data_rom6_1/data_rom6.xci] -directory D:/HuaweiMoveData/Users/kiwi/Desktop/SA_lenet_mul/project_1/project_1.ip_user_files/sim_scripts -ip_user_files_dir D:/HuaweiMoveData/Users/kiwi/Desktop/SA_lenet_mul/project_1/project_1.ip_user_files -ipstatic_source_dir D:/HuaweiMoveData/Users/kiwi/Desktop/SA_lenet_mul/project_1/project_1.ip_user_files/ipstatic -lib_map_path [list {modelsim=D:/HuaweiMoveData/Users/kiwi/Desktop/SA_lenet_mul/project_1/project_1.cache/compile_simlib/modelsim} {questa=D:/HuaweiMoveData/Users/kiwi/Desktop/SA_lenet_mul/project_1/project_1.cache/compile_simlib/questa} {riviera=D:/HuaweiMoveData/Users/kiwi/Desktop/SA_lenet_mul/project_1/project_1.cache/compile_simlib/riviera} {activehdl=D:/HuaweiMoveData/Users/kiwi/Desktop/SA_lenet_mul/project_1/project_1.cache/compile_simlib/activehdl}] -use_ip_compiled_libs -force -quiet
export_simulation -of_objects [get_files D:/HuaweiMoveData/Users/kiwi/Desktop/SA_lenet_mul/project_1/project_1.srcs/sources_1/ip/data_rom7_1/data_rom7.xci] -directory D:/HuaweiMoveData/Users/kiwi/Desktop/SA_lenet_mul/project_1/project_1.ip_user_files/sim_scripts -ip_user_files_dir D:/HuaweiMoveData/Users/kiwi/Desktop/SA_lenet_mul/project_1/project_1.ip_user_files -ipstatic_source_dir D:/HuaweiMoveData/Users/kiwi/Desktop/SA_lenet_mul/project_1/project_1.ip_user_files/ipstatic -lib_map_path [list {modelsim=D:/HuaweiMoveData/Users/kiwi/Desktop/SA_lenet_mul/project_1/project_1.cache/compile_simlib/modelsim} {questa=D:/HuaweiMoveData/Users/kiwi/Desktop/SA_lenet_mul/project_1/project_1.cache/compile_simlib/questa} {riviera=D:/HuaweiMoveData/Users/kiwi/Desktop/SA_lenet_mul/project_1/project_1.cache/compile_simlib/riviera} {activehdl=D:/HuaweiMoveData/Users/kiwi/Desktop/SA_lenet_mul/project_1/project_1.cache/compile_simlib/activehdl}] -use_ip_compiled_libs -force -quiet
export_simulation -of_objects [get_files D:/HuaweiMoveData/Users/kiwi/Desktop/SA_lenet_mul/project_1/project_1.srcs/sources_1/ip/data_rom8_1/data_rom8.xci] -directory D:/HuaweiMoveData/Users/kiwi/Desktop/SA_lenet_mul/project_1/project_1.ip_user_files/sim_scripts -ip_user_files_dir D:/HuaweiMoveData/Users/kiwi/Desktop/SA_lenet_mul/project_1/project_1.ip_user_files -ipstatic_source_dir D:/HuaweiMoveData/Users/kiwi/Desktop/SA_lenet_mul/project_1/project_1.ip_user_files/ipstatic -lib_map_path [list {modelsim=D:/HuaweiMoveData/Users/kiwi/Desktop/SA_lenet_mul/project_1/project_1.cache/compile_simlib/modelsim} {questa=D:/HuaweiMoveData/Users/kiwi/Desktop/SA_lenet_mul/project_1/project_1.cache/compile_simlib/questa} {riviera=D:/HuaweiMoveData/Users/kiwi/Desktop/SA_lenet_mul/project_1/project_1.cache/compile_simlib/riviera} {activehdl=D:/HuaweiMoveData/Users/kiwi/Desktop/SA_lenet_mul/project_1/project_1.cache/compile_simlib/activehdl}] -use_ip_compiled_libs -force -quiet
export_simulation -of_objects [get_files D:/HuaweiMoveData/Users/kiwi/Desktop/SA_lenet_mul/project_1/project_1.srcs/sources_1/ip/data_rom9_1/data_rom9.xci] -directory D:/HuaweiMoveData/Users/kiwi/Desktop/SA_lenet_mul/project_1/project_1.ip_user_files/sim_scripts -ip_user_files_dir D:/HuaweiMoveData/Users/kiwi/Desktop/SA_lenet_mul/project_1/project_1.ip_user_files -ipstatic_source_dir D:/HuaweiMoveData/Users/kiwi/Desktop/SA_lenet_mul/project_1/project_1.ip_user_files/ipstatic -lib_map_path [list {modelsim=D:/HuaweiMoveData/Users/kiwi/Desktop/SA_lenet_mul/project_1/project_1.cache/compile_simlib/modelsim} {questa=D:/HuaweiMoveData/Users/kiwi/Desktop/SA_lenet_mul/project_1/project_1.cache/compile_simlib/questa} {riviera=D:/HuaweiMoveData/Users/kiwi/Desktop/SA_lenet_mul/project_1/project_1.cache/compile_simlib/riviera} {activehdl=D:/HuaweiMoveData/Users/kiwi/Desktop/SA_lenet_mul/project_1/project_1.cache/compile_simlib/activehdl}] -use_ip_compiled_libs -force -quiet
export_simulation -of_objects [get_files D:/HuaweiMoveData/Users/kiwi/Desktop/SA_lenet_mul/project_1/project_1.srcs/sources_1/ip/data_rom10_1/data_rom10.xci] -directory D:/HuaweiMoveData/Users/kiwi/Desktop/SA_lenet_mul/project_1/project_1.ip_user_files/sim_scripts -ip_user_files_dir D:/HuaweiMoveData/Users/kiwi/Desktop/SA_lenet_mul/project_1/project_1.ip_user_files -ipstatic_source_dir D:/HuaweiMoveData/Users/kiwi/Desktop/SA_lenet_mul/project_1/project_1.ip_user_files/ipstatic -lib_map_path [list {modelsim=D:/HuaweiMoveData/Users/kiwi/Desktop/SA_lenet_mul/project_1/project_1.cache/compile_simlib/modelsim} {questa=D:/HuaweiMoveData/Users/kiwi/Desktop/SA_lenet_mul/project_1/project_1.cache/compile_simlib/questa} {riviera=D:/HuaweiMoveData/Users/kiwi/Desktop/SA_lenet_mul/project_1/project_1.cache/compile_simlib/riviera} {activehdl=D:/HuaweiMoveData/Users/kiwi/Desktop/SA_lenet_mul/project_1/project_1.cache/compile_simlib/activehdl}] -use_ip_compiled_libs -force -quiet
export_simulation -of_objects [get_files D:/HuaweiMoveData/Users/kiwi/Desktop/SA_lenet_mul/project_1/project_1.srcs/sources_1/ip/data_rom11_1/data_rom11.xci] -directory D:/HuaweiMoveData/Users/kiwi/Desktop/SA_lenet_mul/project_1/project_1.ip_user_files/sim_scripts -ip_user_files_dir D:/HuaweiMoveData/Users/kiwi/Desktop/SA_lenet_mul/project_1/project_1.ip_user_files -ipstatic_source_dir D:/HuaweiMoveData/Users/kiwi/Desktop/SA_lenet_mul/project_1/project_1.ip_user_files/ipstatic -lib_map_path [list {modelsim=D:/HuaweiMoveData/Users/kiwi/Desktop/SA_lenet_mul/project_1/project_1.cache/compile_simlib/modelsim} {questa=D:/HuaweiMoveData/Users/kiwi/Desktop/SA_lenet_mul/project_1/project_1.cache/compile_simlib/questa} {riviera=D:/HuaweiMoveData/Users/kiwi/Desktop/SA_lenet_mul/project_1/project_1.cache/compile_simlib/riviera} {activehdl=D:/HuaweiMoveData/Users/kiwi/Desktop/SA_lenet_mul/project_1/project_1.cache/compile_simlib/activehdl}] -use_ip_compiled_libs -force -quiet
export_simulation -of_objects [get_files D:/HuaweiMoveData/Users/kiwi/Desktop/SA_lenet_mul/project_1/project_1.srcs/sources_1/ip/data_rom12_1/data_rom12.xci] -directory D:/HuaweiMoveData/Users/kiwi/Desktop/SA_lenet_mul/project_1/project_1.ip_user_files/sim_scripts -ip_user_files_dir D:/HuaweiMoveData/Users/kiwi/Desktop/SA_lenet_mul/project_1/project_1.ip_user_files -ipstatic_source_dir D:/HuaweiMoveData/Users/kiwi/Desktop/SA_lenet_mul/project_1/project_1.ip_user_files/ipstatic -lib_map_path [list {modelsim=D:/HuaweiMoveData/Users/kiwi/Desktop/SA_lenet_mul/project_1/project_1.cache/compile_simlib/modelsim} {questa=D:/HuaweiMoveData/Users/kiwi/Desktop/SA_lenet_mul/project_1/project_1.cache/compile_simlib/questa} {riviera=D:/HuaweiMoveData/Users/kiwi/Desktop/SA_lenet_mul/project_1/project_1.cache/compile_simlib/riviera} {activehdl=D:/HuaweiMoveData/Users/kiwi/Desktop/SA_lenet_mul/project_1/project_1.cache/compile_simlib/activehdl}] -use_ip_compiled_libs -force -quiet
export_simulation -of_objects [get_files D:/HuaweiMoveData/Users/kiwi/Desktop/SA_lenet_mul/project_1/project_1.srcs/sources_1/ip/data_rom13_1/data_rom13.xci] -directory D:/HuaweiMoveData/Users/kiwi/Desktop/SA_lenet_mul/project_1/project_1.ip_user_files/sim_scripts -ip_user_files_dir D:/HuaweiMoveData/Users/kiwi/Desktop/SA_lenet_mul/project_1/project_1.ip_user_files -ipstatic_source_dir D:/HuaweiMoveData/Users/kiwi/Desktop/SA_lenet_mul/project_1/project_1.ip_user_files/ipstatic -lib_map_path [list {modelsim=D:/HuaweiMoveData/Users/kiwi/Desktop/SA_lenet_mul/project_1/project_1.cache/compile_simlib/modelsim} {questa=D:/HuaweiMoveData/Users/kiwi/Desktop/SA_lenet_mul/project_1/project_1.cache/compile_simlib/questa} {riviera=D:/HuaweiMoveData/Users/kiwi/Desktop/SA_lenet_mul/project_1/project_1.cache/compile_simlib/riviera} {activehdl=D:/HuaweiMoveData/Users/kiwi/Desktop/SA_lenet_mul/project_1/project_1.cache/compile_simlib/activehdl}] -use_ip_compiled_libs -force -quiet
export_simulation -of_objects [get_files D:/HuaweiMoveData/Users/kiwi/Desktop/SA_lenet_mul/project_1/project_1.srcs/sources_1/ip/data_rom14_1/data_rom14.xci] -directory D:/HuaweiMoveData/Users/kiwi/Desktop/SA_lenet_mul/project_1/project_1.ip_user_files/sim_scripts -ip_user_files_dir D:/HuaweiMoveData/Users/kiwi/Desktop/SA_lenet_mul/project_1/project_1.ip_user_files -ipstatic_source_dir D:/HuaweiMoveData/Users/kiwi/Desktop/SA_lenet_mul/project_1/project_1.ip_user_files/ipstatic -lib_map_path [list {modelsim=D:/HuaweiMoveData/Users/kiwi/Desktop/SA_lenet_mul/project_1/project_1.cache/compile_simlib/modelsim} {questa=D:/HuaweiMoveData/Users/kiwi/Desktop/SA_lenet_mul/project_1/project_1.cache/compile_simlib/questa} {riviera=D:/HuaweiMoveData/Users/kiwi/Desktop/SA_lenet_mul/project_1/project_1.cache/compile_simlib/riviera} {activehdl=D:/HuaweiMoveData/Users/kiwi/Desktop/SA_lenet_mul/project_1/project_1.cache/compile_simlib/activehdl}] -use_ip_compiled_libs -force -quiet
export_simulation -of_objects [get_files D:/HuaweiMoveData/Users/kiwi/Desktop/SA_lenet_mul/project_1/project_1.srcs/sources_1/ip/data_rom15_1/data_rom15.xci] -directory D:/HuaweiMoveData/Users/kiwi/Desktop/SA_lenet_mul/project_1/project_1.ip_user_files/sim_scripts -ip_user_files_dir D:/HuaweiMoveData/Users/kiwi/Desktop/SA_lenet_mul/project_1/project_1.ip_user_files -ipstatic_source_dir D:/HuaweiMoveData/Users/kiwi/Desktop/SA_lenet_mul/project_1/project_1.ip_user_files/ipstatic -lib_map_path [list {modelsim=D:/HuaweiMoveData/Users/kiwi/Desktop/SA_lenet_mul/project_1/project_1.cache/compile_simlib/modelsim} {questa=D:/HuaweiMoveData/Users/kiwi/Desktop/SA_lenet_mul/project_1/project_1.cache/compile_simlib/questa} {riviera=D:/HuaweiMoveData/Users/kiwi/Desktop/SA_lenet_mul/project_1/project_1.cache/compile_simlib/riviera} {activehdl=D:/HuaweiMoveData/Users/kiwi/Desktop/SA_lenet_mul/project_1/project_1.cache/compile_simlib/activehdl}] -use_ip_compiled_libs -force -quiet
export_simulation -of_objects [get_files D:/HuaweiMoveData/Users/kiwi/Desktop/SA_lenet_mul/project_1/project_1.srcs/sources_1/ip/data_rom16_1/data_rom16.xci] -directory D:/HuaweiMoveData/Users/kiwi/Desktop/SA_lenet_mul/project_1/project_1.ip_user_files/sim_scripts -ip_user_files_dir D:/HuaweiMoveData/Users/kiwi/Desktop/SA_lenet_mul/project_1/project_1.ip_user_files -ipstatic_source_dir D:/HuaweiMoveData/Users/kiwi/Desktop/SA_lenet_mul/project_1/project_1.ip_user_files/ipstatic -lib_map_path [list {modelsim=D:/HuaweiMoveData/Users/kiwi/Desktop/SA_lenet_mul/project_1/project_1.cache/compile_simlib/modelsim} {questa=D:/HuaweiMoveData/Users/kiwi/Desktop/SA_lenet_mul/project_1/project_1.cache/compile_simlib/questa} {riviera=D:/HuaweiMoveData/Users/kiwi/Desktop/SA_lenet_mul/project_1/project_1.cache/compile_simlib/riviera} {activehdl=D:/HuaweiMoveData/Users/kiwi/Desktop/SA_lenet_mul/project_1/project_1.cache/compile_simlib/activehdl}] -use_ip_compiled_libs -force -quiet
export_simulation -of_objects [get_files D:/HuaweiMoveData/Users/kiwi/Desktop/SA_lenet_mul/project_1/project_1.srcs/sources_1/ip/data_rom17_1/data_rom17.xci] -directory D:/HuaweiMoveData/Users/kiwi/Desktop/SA_lenet_mul/project_1/project_1.ip_user_files/sim_scripts -ip_user_files_dir D:/HuaweiMoveData/Users/kiwi/Desktop/SA_lenet_mul/project_1/project_1.ip_user_files -ipstatic_source_dir D:/HuaweiMoveData/Users/kiwi/Desktop/SA_lenet_mul/project_1/project_1.ip_user_files/ipstatic -lib_map_path [list {modelsim=D:/HuaweiMoveData/Users/kiwi/Desktop/SA_lenet_mul/project_1/project_1.cache/compile_simlib/modelsim} {questa=D:/HuaweiMoveData/Users/kiwi/Desktop/SA_lenet_mul/project_1/project_1.cache/compile_simlib/questa} {riviera=D:/HuaweiMoveData/Users/kiwi/Desktop/SA_lenet_mul/project_1/project_1.cache/compile_simlib/riviera} {activehdl=D:/HuaweiMoveData/Users/kiwi/Desktop/SA_lenet_mul/project_1/project_1.cache/compile_simlib/activehdl}] -use_ip_compiled_libs -force -quiet
export_simulation -of_objects [get_files D:/HuaweiMoveData/Users/kiwi/Desktop/SA_lenet_mul/project_1/project_1.srcs/sources_1/ip/data_rom18_1/data_rom18.xci] -directory D:/HuaweiMoveData/Users/kiwi/Desktop/SA_lenet_mul/project_1/project_1.ip_user_files/sim_scripts -ip_user_files_dir D:/HuaweiMoveData/Users/kiwi/Desktop/SA_lenet_mul/project_1/project_1.ip_user_files -ipstatic_source_dir D:/HuaweiMoveData/Users/kiwi/Desktop/SA_lenet_mul/project_1/project_1.ip_user_files/ipstatic -lib_map_path [list {modelsim=D:/HuaweiMoveData/Users/kiwi/Desktop/SA_lenet_mul/project_1/project_1.cache/compile_simlib/modelsim} {questa=D:/HuaweiMoveData/Users/kiwi/Desktop/SA_lenet_mul/project_1/project_1.cache/compile_simlib/questa} {riviera=D:/HuaweiMoveData/Users/kiwi/Desktop/SA_lenet_mul/project_1/project_1.cache/compile_simlib/riviera} {activehdl=D:/HuaweiMoveData/Users/kiwi/Desktop/SA_lenet_mul/project_1/project_1.cache/compile_simlib/activehdl}] -use_ip_compiled_libs -force -quiet
export_simulation -of_objects [get_files D:/HuaweiMoveData/Users/kiwi/Desktop/SA_lenet_mul/project_1/project_1.srcs/sources_1/ip/data_rom19_1/data_rom19.xci] -directory D:/HuaweiMoveData/Users/kiwi/Desktop/SA_lenet_mul/project_1/project_1.ip_user_files/sim_scripts -ip_user_files_dir D:/HuaweiMoveData/Users/kiwi/Desktop/SA_lenet_mul/project_1/project_1.ip_user_files -ipstatic_source_dir D:/HuaweiMoveData/Users/kiwi/Desktop/SA_lenet_mul/project_1/project_1.ip_user_files/ipstatic -lib_map_path [list {modelsim=D:/HuaweiMoveData/Users/kiwi/Desktop/SA_lenet_mul/project_1/project_1.cache/compile_simlib/modelsim} {questa=D:/HuaweiMoveData/Users/kiwi/Desktop/SA_lenet_mul/project_1/project_1.cache/compile_simlib/questa} {riviera=D:/HuaweiMoveData/Users/kiwi/Desktop/SA_lenet_mul/project_1/project_1.cache/compile_simlib/riviera} {activehdl=D:/HuaweiMoveData/Users/kiwi/Desktop/SA_lenet_mul/project_1/project_1.cache/compile_simlib/activehdl}] -use_ip_compiled_libs -force -quiet
export_simulation -of_objects [get_files D:/HuaweiMoveData/Users/kiwi/Desktop/SA_lenet_mul/project_1/project_1.srcs/sources_1/ip/data_rom20_1/data_rom20.xci] -directory D:/HuaweiMoveData/Users/kiwi/Desktop/SA_lenet_mul/project_1/project_1.ip_user_files/sim_scripts -ip_user_files_dir D:/HuaweiMoveData/Users/kiwi/Desktop/SA_lenet_mul/project_1/project_1.ip_user_files -ipstatic_source_dir D:/HuaweiMoveData/Users/kiwi/Desktop/SA_lenet_mul/project_1/project_1.ip_user_files/ipstatic -lib_map_path [list {modelsim=D:/HuaweiMoveData/Users/kiwi/Desktop/SA_lenet_mul/project_1/project_1.cache/compile_simlib/modelsim} {questa=D:/HuaweiMoveData/Users/kiwi/Desktop/SA_lenet_mul/project_1/project_1.cache/compile_simlib/questa} {riviera=D:/HuaweiMoveData/Users/kiwi/Desktop/SA_lenet_mul/project_1/project_1.cache/compile_simlib/riviera} {activehdl=D:/HuaweiMoveData/Users/kiwi/Desktop/SA_lenet_mul/project_1/project_1.cache/compile_simlib/activehdl}] -use_ip_compiled_libs -force -quiet
export_simulation -of_objects [get_files D:/HuaweiMoveData/Users/kiwi/Desktop/SA_lenet_mul/project_1/project_1.srcs/sources_1/ip/data_rom21_1/data_rom21.xci] -directory D:/HuaweiMoveData/Users/kiwi/Desktop/SA_lenet_mul/project_1/project_1.ip_user_files/sim_scripts -ip_user_files_dir D:/HuaweiMoveData/Users/kiwi/Desktop/SA_lenet_mul/project_1/project_1.ip_user_files -ipstatic_source_dir D:/HuaweiMoveData/Users/kiwi/Desktop/SA_lenet_mul/project_1/project_1.ip_user_files/ipstatic -lib_map_path [list {modelsim=D:/HuaweiMoveData/Users/kiwi/Desktop/SA_lenet_mul/project_1/project_1.cache/compile_simlib/modelsim} {questa=D:/HuaweiMoveData/Users/kiwi/Desktop/SA_lenet_mul/project_1/project_1.cache/compile_simlib/questa} {riviera=D:/HuaweiMoveData/Users/kiwi/Desktop/SA_lenet_mul/project_1/project_1.cache/compile_simlib/riviera} {activehdl=D:/HuaweiMoveData/Users/kiwi/Desktop/SA_lenet_mul/project_1/project_1.cache/compile_simlib/activehdl}] -use_ip_compiled_libs -force -quiet
export_simulation -of_objects [get_files D:/HuaweiMoveData/Users/kiwi/Desktop/SA_lenet_mul/project_1/project_1.srcs/sources_1/ip/data_rom22_1/data_rom22.xci] -directory D:/HuaweiMoveData/Users/kiwi/Desktop/SA_lenet_mul/project_1/project_1.ip_user_files/sim_scripts -ip_user_files_dir D:/HuaweiMoveData/Users/kiwi/Desktop/SA_lenet_mul/project_1/project_1.ip_user_files -ipstatic_source_dir D:/HuaweiMoveData/Users/kiwi/Desktop/SA_lenet_mul/project_1/project_1.ip_user_files/ipstatic -lib_map_path [list {modelsim=D:/HuaweiMoveData/Users/kiwi/Desktop/SA_lenet_mul/project_1/project_1.cache/compile_simlib/modelsim} {questa=D:/HuaweiMoveData/Users/kiwi/Desktop/SA_lenet_mul/project_1/project_1.cache/compile_simlib/questa} {riviera=D:/HuaweiMoveData/Users/kiwi/Desktop/SA_lenet_mul/project_1/project_1.cache/compile_simlib/riviera} {activehdl=D:/HuaweiMoveData/Users/kiwi/Desktop/SA_lenet_mul/project_1/project_1.cache/compile_simlib/activehdl}] -use_ip_compiled_libs -force -quiet
export_simulation -of_objects [get_files D:/HuaweiMoveData/Users/kiwi/Desktop/SA_lenet_mul/project_1/project_1.srcs/sources_1/ip/data_rom23_1/data_rom23.xci] -directory D:/HuaweiMoveData/Users/kiwi/Desktop/SA_lenet_mul/project_1/project_1.ip_user_files/sim_scripts -ip_user_files_dir D:/HuaweiMoveData/Users/kiwi/Desktop/SA_lenet_mul/project_1/project_1.ip_user_files -ipstatic_source_dir D:/HuaweiMoveData/Users/kiwi/Desktop/SA_lenet_mul/project_1/project_1.ip_user_files/ipstatic -lib_map_path [list {modelsim=D:/HuaweiMoveData/Users/kiwi/Desktop/SA_lenet_mul/project_1/project_1.cache/compile_simlib/modelsim} {questa=D:/HuaweiMoveData/Users/kiwi/Desktop/SA_lenet_mul/project_1/project_1.cache/compile_simlib/questa} {riviera=D:/HuaweiMoveData/Users/kiwi/Desktop/SA_lenet_mul/project_1/project_1.cache/compile_simlib/riviera} {activehdl=D:/HuaweiMoveData/Users/kiwi/Desktop/SA_lenet_mul/project_1/project_1.cache/compile_simlib/activehdl}] -use_ip_compiled_libs -force -quiet
export_simulation -of_objects [get_files D:/HuaweiMoveData/Users/kiwi/Desktop/SA_lenet_mul/project_1/project_1.srcs/sources_1/ip/data_rom24_1/data_rom24.xci] -directory D:/HuaweiMoveData/Users/kiwi/Desktop/SA_lenet_mul/project_1/project_1.ip_user_files/sim_scripts -ip_user_files_dir D:/HuaweiMoveData/Users/kiwi/Desktop/SA_lenet_mul/project_1/project_1.ip_user_files -ipstatic_source_dir D:/HuaweiMoveData/Users/kiwi/Desktop/SA_lenet_mul/project_1/project_1.ip_user_files/ipstatic -lib_map_path [list {modelsim=D:/HuaweiMoveData/Users/kiwi/Desktop/SA_lenet_mul/project_1/project_1.cache/compile_simlib/modelsim} {questa=D:/HuaweiMoveData/Users/kiwi/Desktop/SA_lenet_mul/project_1/project_1.cache/compile_simlib/questa} {riviera=D:/HuaweiMoveData/Users/kiwi/Desktop/SA_lenet_mul/project_1/project_1.cache/compile_simlib/riviera} {activehdl=D:/HuaweiMoveData/Users/kiwi/Desktop/SA_lenet_mul/project_1/project_1.cache/compile_simlib/activehdl}] -use_ip_compiled_libs -force -quiet
export_simulation -of_objects [get_files D:/HuaweiMoveData/Users/kiwi/Desktop/SA_lenet_mul/project_1/project_1.srcs/sources_1/ip/data_rom25_1/data_rom25.xci] -directory D:/HuaweiMoveData/Users/kiwi/Desktop/SA_lenet_mul/project_1/project_1.ip_user_files/sim_scripts -ip_user_files_dir D:/HuaweiMoveData/Users/kiwi/Desktop/SA_lenet_mul/project_1/project_1.ip_user_files -ipstatic_source_dir D:/HuaweiMoveData/Users/kiwi/Desktop/SA_lenet_mul/project_1/project_1.ip_user_files/ipstatic -lib_map_path [list {modelsim=D:/HuaweiMoveData/Users/kiwi/Desktop/SA_lenet_mul/project_1/project_1.cache/compile_simlib/modelsim} {questa=D:/HuaweiMoveData/Users/kiwi/Desktop/SA_lenet_mul/project_1/project_1.cache/compile_simlib/questa} {riviera=D:/HuaweiMoveData/Users/kiwi/Desktop/SA_lenet_mul/project_1/project_1.cache/compile_simlib/riviera} {activehdl=D:/HuaweiMoveData/Users/kiwi/Desktop/SA_lenet_mul/project_1/project_1.cache/compile_simlib/activehdl}] -use_ip_compiled_libs -force -quiet
export_simulation -of_objects [get_files D:/HuaweiMoveData/Users/kiwi/Desktop/SA_lenet_mul/project_1/project_1.srcs/sources_1/ip/data_rom26_1/data_rom26.xci] -directory D:/HuaweiMoveData/Users/kiwi/Desktop/SA_lenet_mul/project_1/project_1.ip_user_files/sim_scripts -ip_user_files_dir D:/HuaweiMoveData/Users/kiwi/Desktop/SA_lenet_mul/project_1/project_1.ip_user_files -ipstatic_source_dir D:/HuaweiMoveData/Users/kiwi/Desktop/SA_lenet_mul/project_1/project_1.ip_user_files/ipstatic -lib_map_path [list {modelsim=D:/HuaweiMoveData/Users/kiwi/Desktop/SA_lenet_mul/project_1/project_1.cache/compile_simlib/modelsim} {questa=D:/HuaweiMoveData/Users/kiwi/Desktop/SA_lenet_mul/project_1/project_1.cache/compile_simlib/questa} {riviera=D:/HuaweiMoveData/Users/kiwi/Desktop/SA_lenet_mul/project_1/project_1.cache/compile_simlib/riviera} {activehdl=D:/HuaweiMoveData/Users/kiwi/Desktop/SA_lenet_mul/project_1/project_1.cache/compile_simlib/activehdl}] -use_ip_compiled_libs -force -quiet
export_simulation -of_objects [get_files D:/HuaweiMoveData/Users/kiwi/Desktop/SA_lenet_mul/project_1/project_1.srcs/sources_1/ip/data_rom27_1/data_rom27.xci] -directory D:/HuaweiMoveData/Users/kiwi/Desktop/SA_lenet_mul/project_1/project_1.ip_user_files/sim_scripts -ip_user_files_dir D:/HuaweiMoveData/Users/kiwi/Desktop/SA_lenet_mul/project_1/project_1.ip_user_files -ipstatic_source_dir D:/HuaweiMoveData/Users/kiwi/Desktop/SA_lenet_mul/project_1/project_1.ip_user_files/ipstatic -lib_map_path [list {modelsim=D:/HuaweiMoveData/Users/kiwi/Desktop/SA_lenet_mul/project_1/project_1.cache/compile_simlib/modelsim} {questa=D:/HuaweiMoveData/Users/kiwi/Desktop/SA_lenet_mul/project_1/project_1.cache/compile_simlib/questa} {riviera=D:/HuaweiMoveData/Users/kiwi/Desktop/SA_lenet_mul/project_1/project_1.cache/compile_simlib/riviera} {activehdl=D:/HuaweiMoveData/Users/kiwi/Desktop/SA_lenet_mul/project_1/project_1.cache/compile_simlib/activehdl}] -use_ip_compiled_libs -force -quiet
export_simulation -of_objects [get_files D:/HuaweiMoveData/Users/kiwi/Desktop/SA_lenet_mul/project_1/project_1.srcs/sources_1/ip/data_rom28_1/data_rom28.xci] -directory D:/HuaweiMoveData/Users/kiwi/Desktop/SA_lenet_mul/project_1/project_1.ip_user_files/sim_scripts -ip_user_files_dir D:/HuaweiMoveData/Users/kiwi/Desktop/SA_lenet_mul/project_1/project_1.ip_user_files -ipstatic_source_dir D:/HuaweiMoveData/Users/kiwi/Desktop/SA_lenet_mul/project_1/project_1.ip_user_files/ipstatic -lib_map_path [list {modelsim=D:/HuaweiMoveData/Users/kiwi/Desktop/SA_lenet_mul/project_1/project_1.cache/compile_simlib/modelsim} {questa=D:/HuaweiMoveData/Users/kiwi/Desktop/SA_lenet_mul/project_1/project_1.cache/compile_simlib/questa} {riviera=D:/HuaweiMoveData/Users/kiwi/Desktop/SA_lenet_mul/project_1/project_1.cache/compile_simlib/riviera} {activehdl=D:/HuaweiMoveData/Users/kiwi/Desktop/SA_lenet_mul/project_1/project_1.cache/compile_simlib/activehdl}] -use_ip_compiled_libs -force -quiet
export_simulation -of_objects [get_files D:/HuaweiMoveData/Users/kiwi/Desktop/SA_lenet_mul/project_1/project_1.srcs/sources_1/ip/data_rom29_1/data_rom29.xci] -directory D:/HuaweiMoveData/Users/kiwi/Desktop/SA_lenet_mul/project_1/project_1.ip_user_files/sim_scripts -ip_user_files_dir D:/HuaweiMoveData/Users/kiwi/Desktop/SA_lenet_mul/project_1/project_1.ip_user_files -ipstatic_source_dir D:/HuaweiMoveData/Users/kiwi/Desktop/SA_lenet_mul/project_1/project_1.ip_user_files/ipstatic -lib_map_path [list {modelsim=D:/HuaweiMoveData/Users/kiwi/Desktop/SA_lenet_mul/project_1/project_1.cache/compile_simlib/modelsim} {questa=D:/HuaweiMoveData/Users/kiwi/Desktop/SA_lenet_mul/project_1/project_1.cache/compile_simlib/questa} {riviera=D:/HuaweiMoveData/Users/kiwi/Desktop/SA_lenet_mul/project_1/project_1.cache/compile_simlib/riviera} {activehdl=D:/HuaweiMoveData/Users/kiwi/Desktop/SA_lenet_mul/project_1/project_1.cache/compile_simlib/activehdl}] -use_ip_compiled_libs -force -quiet
export_simulation -of_objects [get_files D:/HuaweiMoveData/Users/kiwi/Desktop/SA_lenet_mul/project_1/project_1.srcs/sources_1/ip/data_rom30_1/data_rom30.xci] -directory D:/HuaweiMoveData/Users/kiwi/Desktop/SA_lenet_mul/project_1/project_1.ip_user_files/sim_scripts -ip_user_files_dir D:/HuaweiMoveData/Users/kiwi/Desktop/SA_lenet_mul/project_1/project_1.ip_user_files -ipstatic_source_dir D:/HuaweiMoveData/Users/kiwi/Desktop/SA_lenet_mul/project_1/project_1.ip_user_files/ipstatic -lib_map_path [list {modelsim=D:/HuaweiMoveData/Users/kiwi/Desktop/SA_lenet_mul/project_1/project_1.cache/compile_simlib/modelsim} {questa=D:/HuaweiMoveData/Users/kiwi/Desktop/SA_lenet_mul/project_1/project_1.cache/compile_simlib/questa} {riviera=D:/HuaweiMoveData/Users/kiwi/Desktop/SA_lenet_mul/project_1/project_1.cache/compile_simlib/riviera} {activehdl=D:/HuaweiMoveData/Users/kiwi/Desktop/SA_lenet_mul/project_1/project_1.cache/compile_simlib/activehdl}] -use_ip_compiled_libs -force -quiet
export_simulation -of_objects [get_files D:/HuaweiMoveData/Users/kiwi/Desktop/SA_lenet_mul/project_1/project_1.srcs/sources_1/ip/data_rom31_1/data_rom31.xci] -directory D:/HuaweiMoveData/Users/kiwi/Desktop/SA_lenet_mul/project_1/project_1.ip_user_files/sim_scripts -ip_user_files_dir D:/HuaweiMoveData/Users/kiwi/Desktop/SA_lenet_mul/project_1/project_1.ip_user_files -ipstatic_source_dir D:/HuaweiMoveData/Users/kiwi/Desktop/SA_lenet_mul/project_1/project_1.ip_user_files/ipstatic -lib_map_path [list {modelsim=D:/HuaweiMoveData/Users/kiwi/Desktop/SA_lenet_mul/project_1/project_1.cache/compile_simlib/modelsim} {questa=D:/HuaweiMoveData/Users/kiwi/Desktop/SA_lenet_mul/project_1/project_1.cache/compile_simlib/questa} {riviera=D:/HuaweiMoveData/Users/kiwi/Desktop/SA_lenet_mul/project_1/project_1.cache/compile_simlib/riviera} {activehdl=D:/HuaweiMoveData/Users/kiwi/Desktop/SA_lenet_mul/project_1/project_1.cache/compile_simlib/activehdl}] -use_ip_compiled_libs -force -quiet
file mkdir D:/HuaweiMoveData/Users/kiwi/Desktop/SA_lenet_mul/project_1/project_1.srcs/sources_1/new
close [ open D:/HuaweiMoveData/Users/kiwi/Desktop/SA_lenet_mul/project_1/project_1.srcs/sources_1/new/key_fliter.v w ]
add_files D:/HuaweiMoveData/Users/kiwi/Desktop/SA_lenet_mul/project_1/project_1.srcs/sources_1/new/key_fliter.v
update_compile_order -fileset sources_1
update_compile_order -fileset sources_1
update_compile_order -fileset sources_1
update_compile_order -fileset sources_1
reset_run synth_1
launch_runs synth_1 -jobs 8
wait_on_run synth_1
open_run synth_1 -name synth_1
report_timing_summary -delay_type min_max -report_unconstrained -check_timing_verbose -max_paths 10 -input_pins -routable_nets -name timing_1
report_utilization -name utilization_1
launch_runs impl_1 -jobs 8
wait_on_run impl_1
launch_runs impl_1 -to_step write_bitstream -jobs 8
wait_on_run impl_1
open_hw_manager
connect_hw_server -allow_non_jtag
open_hw_target
set_property PROGRAM.FILE {D:/HuaweiMoveData/Users/kiwi/Desktop/SA_lenet_mul/project_1/project_1.runs/impl_1/in_out.bit} [get_hw_devices xc7z020_1]
current_hw_device [get_hw_devices xc7z020_1]
refresh_hw_device -update_hw_probes false [lindex [get_hw_devices xc7z020_1] 0]
set_property PROBES.FILE {} [get_hw_devices xc7z020_1]
set_property FULL_PROBES.FILE {} [get_hw_devices xc7z020_1]
set_property PROGRAM.FILE {D:/HuaweiMoveData/Users/kiwi/Desktop/SA_lenet_mul/project_1/project_1.runs/impl_1/in_out.bit} [get_hw_devices xc7z020_1]
program_hw_devices [get_hw_devices xc7z020_1]
refresh_hw_device [lindex [get_hw_devices xc7z020_1] 0]
set_property PROBES.FILE {} [get_hw_devices xc7z020_1]
set_property FULL_PROBES.FILE {} [get_hw_devices xc7z020_1]
set_property PROGRAM.FILE {D:/HuaweiMoveData/Users/kiwi/Desktop/SA_lenet_mul/project_1/project_1.runs/impl_1/in_out.bit} [get_hw_devices xc7z020_1]
program_hw_devices [get_hw_devices xc7z020_1]
refresh_hw_device [lindex [get_hw_devices xc7z020_1] 0]
create_hw_cfgmem -hw_device [lindex [get_hw_devices xc7z020_1] 0] [lindex [get_cfgmem_parts {28f032m29ewt-nor-x8}] 0]
set_property PROGRAM.BLANK_CHECK  0 [ get_property PROGRAM.HW_CFGMEM [lindex [get_hw_devices xc7z020_1] 0]]
set_property PROGRAM.ERASE  1 [ get_property PROGRAM.HW_CFGMEM [lindex [get_hw_devices xc7z020_1] 0]]
set_property PROGRAM.CFG_PROGRAM  1 [ get_property PROGRAM.HW_CFGMEM [lindex [get_hw_devices xc7z020_1] 0]]
set_property PROGRAM.VERIFY  1 [ get_property PROGRAM.HW_CFGMEM [lindex [get_hw_devices xc7z020_1] 0]]
set_property PROGRAM.CHECKSUM  0 [ get_property PROGRAM.HW_CFGMEM [lindex [get_hw_devices xc7z020_1] 0]]
refresh_hw_device [lindex [get_hw_devices xc7z020_1] 0]
delete_hw_cfgmem [ get_property PROGRAM.HW_CFGMEM [get_hw_devices xc7z020_1 ]]
set_property PROBES.FILE {} [get_hw_devices xc7z020_1]
set_property FULL_PROBES.FILE {} [get_hw_devices xc7z020_1]
set_property PROGRAM.FILE {D:/HuaweiMoveData/Users/kiwi/Desktop/SA_lenet_mul/project_1/project_1.runs/impl_1/in_out.bit} [get_hw_devices xc7z020_1]
program_hw_devices [get_hw_devices xc7z020_1]
refresh_hw_device [lindex [get_hw_devices xc7z020_1] 0]
set_property PROBES.FILE {} [get_hw_devices xc7z020_1]
set_property FULL_PROBES.FILE {} [get_hw_devices xc7z020_1]
set_property PROGRAM.FILE {D:/HuaweiMoveData/Users/kiwi/Desktop/SA_lenet_mul/project_1/project_1.runs/impl_1/in_out.bit} [get_hw_devices xc7z020_1]
program_hw_devices [get_hw_devices xc7z020_1]
refresh_hw_device [lindex [get_hw_devices xc7z020_1] 0]
set_property PROBES.FILE {} [get_hw_devices xc7z020_1]
set_property FULL_PROBES.FILE {} [get_hw_devices xc7z020_1]
set_property PROGRAM.FILE {D:/HuaweiMoveData/Users/kiwi/Desktop/SA_lenet_mul/project_1/project_1.runs/impl_1/in_out.bit} [get_hw_devices xc7z020_1]
program_hw_devices [get_hw_devices xc7z020_1]
refresh_hw_device [lindex [get_hw_devices xc7z020_1] 0]
